Checking for wasm32-unknown-unknown target...
Checking connection to Arbitrum Sepolia...
Connected to Arbitrum Sepolia!
Deployer address: 0x252d36a4a8a0d2521bb8Fc1CF356461f6CDBd46d
Deploying first ERC20 token contract (Token0) to Arbitrum Sepolia...
Token0 contract deployed at address: 0xf47199aa99a24126b1da0752301c7302a03b7af3
Token0 transaction hash: 0x1407493e5c7519141c82782b43841b7f28c7ede490d0568ac0fec3adf59fad6d
Deploying second ERC20 token contract (Token1) to Arbitrum Sepolia...
Token1 contract deployed at address: 0x4520b882449dd45f16740eae0f4673c4d022dcac
Token1 transaction hash: 0xb04bfb7cd350140072c34c74d50b8915f2c72a3f97c2104d1ba0a95b535892f4
Minting tokens for testing...

blockHash            0xf1084bbd443e716f5540714f0d24901acb2cb67b76dd77bdee4d77f825752a5d
blockNumber          180797141
contractAddress      
cumulativeGasUsed    489051
effectiveGasPrice    100000000
from                 0x252d36a4a8a0d2521bb8Fc1CF356461f6CDBd46d
gasUsed              72311
logs                 [{"address":"0xf47199aa99a24126b1da0752301c7302a03b7af3","topics":["0xddf252ad1be2c89b69c2b068fc378daa952ba7f163c4a11628f55a4df523b3ef","0x0000000000000000000000000000000000000000000000000000000000000000","0x000000000000000000000000252d36a4a8a0d2521bb8fc1cf356461f6cdbd46d"],"data":"0x00000000000000000000000000000000000000000000003635c9adc5dea00000","blockHash":"0xf1084bbd443e716f5540714f0d24901acb2cb67b76dd77bdee4d77f825752a5d","blockNumber":"0xac6bed5","transactionHash":"0x666a47bd83d9bff6eedba2308d137f1c118d1e851e3a51618aaa63db0c45062b","transactionIndex":"0x5","logIndex":"0xb","removed":false}]
logsBloom            0x00000000000000000000000000000000000000000000000000000000000000000000000000000000000000000000000000000000000000000000000000000000000000000000000000000008000000000000000000000000000000000000000000000000020000000000000000000800000000000000000000000010000000000002000000000000000000000000000000000000000000000004000200000000000000000000000000000000000000000000000000000000800000000000000000000002000000000000000000000000000000000000000001000000000020000000000000000000000000000000000000000000000000000000000080000000
root                 
status               1 (success)
transactionHash      0x666a47bd83d9bff6eedba2308d137f1c118d1e851e3a51618aaa63db0c45062b
transactionIndex     5
type                 2
blobGasPrice         
blobGasUsed          
to                   0xF47199aA99A24126b1dA0752301c7302A03b7aF3
gasUsedForL1         0
l1BlockNumber        8915811
timeboosted          false


blockHash            0xcb236a6f1ef79c5236869fe3f46ba685f0cd1407e076e879374083c9f5915cd2
blockNumber          180797155
contractAddress      
cumulativeGasUsed    72311
effectiveGasPrice    100000000
from                 0x252d36a4a8a0d2521bb8Fc1CF356461f6CDBd46d
gasUsed              72311
logs                 [{"address":"0x4520b882449dd45f16740eae0f4673c4d022dcac","topics":["0xddf252ad1be2c89b69c2b068fc378daa952ba7f163c4a11628f55a4df523b3ef","0x0000000000000000000000000000000000000000000000000000000000000000","0x000000000000000000000000252d36a4a8a0d2521bb8fc1cf356461f6cdbd46d"],"data":"0x00000000000000000000000000000000000000000000003635c9adc5dea00000","blockHash":"0xcb236a6f1ef79c5236869fe3f46ba685f0cd1407e076e879374083c9f5915cd2","blockNumber":"0xac6bee3","transactionHash":"0xe571349f9b4e1bd13fd78f3973f3bff445625d0e2e888dc5e18dccb1f436a5ff","transactionIndex":"0x1","logIndex":"0x0","removed":false}]
logsBloom            0x00000000000000000000000000000000000000000000000000000000000000000000000000000000000000000000000000000000000000000000000000000000000000000000000000000008000000000000000000000000000000000000000000000000020000000000000000000800000000000200000000000010000000000002000000000000000000000000000000000000000000000000000200100000000000000000000000000000000000000000000000000000000000000000000000000006000000000000000000000000000000000000000001000000000020000000000000000000000000000000000000000000000000000000000000000000
root                 
status               1 (success)
transactionHash      0xe571349f9b4e1bd13fd78f3973f3bff445625d0e2e888dc5e18dccb1f436a5ff
transactionIndex     1
type                 2
blobGasPrice         
blobGasUsed          
to                   0x4520b882449DD45F16740EAE0f4673C4d022dCAC
gasUsedForL1         0
l1BlockNumber        8915811
timeboosted          false

Tokens minted to deployer address.
Deploying the Uniswap V2 contract to Arbitrum Sepolia using cargo stylus...
Uniswap V2 contract deployed successfully!
Transaction hash: 0xf4b8a78871ab2c95371b435b78f9adeb91c20449190082ef15b7f99465898173
Uniswap V2 contract address: 0x642d01f3b2c36d7f8dee3e0822b4304c43ddbd35
Deployment info saved to build/stylus-deployment-info.json
Deployment completed successfully on Arbitrum Sepolia!
Summary of deployed contracts:
- Token0: 0xf47199aa99a24126b1da0752301c7302a03b7af3
- Token1: 0x4520b882449dd45f16740eae0f4673c4d022dcac
- Uniswap V2: 0x642d01f3b2c36d7f8dee3e0822b4304c43ddbd35
